
> payment-orchestrator@0.0.1 build C:\Users\s_fon\Desktop\PBW MVP\apps\payment-orchestrator
> nest build


[48;2;210;0;75m[1m[38;2;0;0;0m Error [39m[22m[49m EPERM: operation not permitted, unlink 'C:\Users\s_fon\Desktop\PBW MVP\apps\payment-orchestrator\dist\generated-client\query_engine-windows.dll.node'

C:\Users\s_fon\Desktop\PBW MVP\apps\payment-orchestrator:
ÔÇëERR_PNPM_RECURSIVE_RUN_FIRST_FAILÔÇë payment-orchestrator@0.0.1 build: `nest build`
Exit status 1
